// Jest Snapshot v1, https://goo.gl/fbAQLP


exports[`Check if chore component has 4 children  Check if chore component renders correctly 1`] = `

<View
  accessible={true}
  focusable={false}
  onClick={[Function]}
  onResponderGrant={[Function]}
  onResponderMove={[Function]}
  onResponderRelease={[Function]}
  onResponderTerminate={[Function]}
  onResponderTerminationRequest={[Function]}
  onStartShouldSetResponder={[Function]}
  style={
    Object {
      "backgroundColor": "white",


      "marginBottom": 10,
      "opacity": 1,
      "padding": 10,
      "position": "relative",
      "shadowColor": "black",
      "shadowOffset": Object {
        "height": 4,
        "width": 0,
      },
      "shadowOpacity": 0.1,
      "shadowRadius": 2,
      "width": "100%",
    }
  }
>
  <Text
    style={
      Object {
        "fontSize": 18,
        "fontWeight": "bold",
      }
    }
  />
  <Text
    style={
      Object {
        "color": "#FFBD00",
        "fontWeight": "bold",
        "marginBottom": 20,
        "marginTop": 5,
      }
    }
  />
  <Text
    style={
      Object {
        "color": "#FFBD00",
        "position": "absolute",
        "right": 10,
        "top": 10,
      }
    }
  />
  <Text
    style={
      Object {
        "color": "#AAAAAC",
      }
    }
  />
</View>
`;
